CONNECT /app/*
DELETE /api/admin/users/{id}
DELETE /api/mcp/tokens/{id}
DELETE /app/*
GET /
GET /api/about
GET /api/admin/currencies
GET /api/admin/event-audit
GET /api/admin/goals
GET /api/admin/jurisdiction-notice
GET /api/admin/sites
GET /api/admin/timezones
GET /api/admin/users
GET /api/goals/list
GET /api/mcp/connection
GET /api/mcp/tokens
GET /api/privacy/access
GET /api/props/list
GET /api/realtime/visitors
GET /api/sites
GET /api/stats/campaigns
GET /api/stats/compare
GET /api/stats/devices
GET /api/stats/funnel
GET /api/stats/geo
GET /api/stats/overview
GET /api/stats/pages
GET /api/stats/seo
GET /api/stats/sources
GET /api/stats/trend
GET /api/user
GET /app
GET /app/*
GET /favicon.ico
GET /healthz
GET /legal/dpa
GET /legal/lia
GET /legal/privacy-policy/{lang}
GET /metrics
GET /privacy
GET /tracker.js
HEAD /
HEAD /app/*
HEAD /favicon.ico
OPTIONS /api/event
OPTIONS /api/privacy/access
OPTIONS /api/privacy/consent
OPTIONS /api/privacy/erase
OPTIONS /api/privacy/opt-out
OPTIONS /app/*
OPTIONS /privacy
PATCH /api/admin/goals/{id}
PATCH /api/admin/sites/{id}
PATCH /api/admin/users/{id}
PATCH /api/admin/users/{id}/sites
PATCH /app/*
POST /api/admin/goals
POST /api/admin/goals/{id}/disable
POST /api/admin/jurisdiction-notice/dismiss
POST /api/admin/sites
POST /api/admin/users
POST /api/admin/users/{id}/disable
POST /api/admin/users/{id}/enable
POST /api/admin/users/{id}/password
POST /api/event
POST /api/login
POST /api/logout
POST /api/mcp/tokens
POST /api/privacy/consent
POST /api/privacy/erase
POST /api/privacy/opt-out
POST /app/*
PUT /app/*
TRACE /app/*
